Godot Engine v4.5.1.stable.official.f62fdbde1 - https://godotengine.org
Vulkan 1.4.325 - Forward+ - Using Device #0: NVIDIA - NVIDIA GeForce RTX 3050 Laptop GPU

[Dialogic] Testing scene was started.
WARNING: Nodes with non-equal opposite anchors will have their size overridden after _ready(). 
If you want to set size, change the anchors or consider using set_deferred().
   at: _set_size (scene/gui/control.cpp:1476)
   GDScript backtrace (most recent call first):
       [0] load_position_container (res://addons/dialogic/Modules/Character/subsystem_containers.gd:235)
       [1] load_game_state (res://addons/dialogic/Modules/Character/subsystem_portraits.gd:38)
       [2] reload_current_info_into_new_style (res://addons/dialogic/Modules/Style/subsystem_styles.gd:142)
WARNING: Nodes with non-equal opposite anchors will have their size overridden after _ready(). 
If you want to set size, change the anchors or consider using set_deferred().
   at: _set_size (scene/gui/control.cpp:1476)
   GDScript backtrace (most recent call first):
       [0] load_position_container (res://addons/dialogic/Modules/Character/subsystem_containers.gd:235)
       [1] load_game_state (res://addons/dialogic/Modules/Character/subsystem_portraits.gd:38)
       [2] reload_current_info_into_new_style (res://addons/dialogic/Modules/Style/subsystem_styles.gd:142)
WARNING: Nodes with non-equal opposite anchors will have their size overridden after _ready(). 
If you want to set size, change the anchors or consider using set_deferred().
   at: _set_size (scene/gui/control.cpp:1476)
   GDScript backtrace (most recent call first):
       [0] load_position_container (res://addons/dialogic/Modules/Character/subsystem_containers.gd:235)
       [1] load_game_state (res://addons/dialogic/Modules/Character/subsystem_portraits.gd:38)
       [2] reload_current_info_into_new_style (res://addons/dialogic/Modules/Style/subsystem_styles.gd:142)
WARNING: Nodes with non-equal opposite anchors will have their size overridden after _ready(). 
If you want to set size, change the anchors or consider using set_deferred().
   at: _set_size (scene/gui/control.cpp:1476)
   GDScript backtrace (most recent call first):
       [0] load_position_container (res://addons/dialogic/Modules/Character/subsystem_containers.gd:235)
       [1] load_game_state (res://addons/dialogic/Modules/Character/subsystem_portraits.gd:38)
       [2] reload_current_info_into_new_style (res://addons/dialogic/Modules/Style/subsystem_styles.gd:142)
WARNING: Nodes with non-equal opposite anchors will have their size overridden after _ready(). 
If you want to set size, change the anchors or consider using set_deferred().
   at: _set_size (scene/gui/control.cpp:1476)
   GDScript backtrace (most recent call first):
       [0] load_position_container (res://addons/dialogic/Modules/Character/subsystem_containers.gd:235)
       [1] load_game_state (res://addons/dialogic/Modules/Character/subsystem_portraits.gd:38)
       [2] reload_current_info_into_new_style (res://addons/dialogic/Modules/Style/subsystem_styles.gd:142)
WARNING: Nodes with non-equal opposite anchors will have their size overridden after _ready(). 
If you want to set size, change the anchors or consider using set_deferred().
   at: _set_size (scene/gui/control.cpp:1476)
   GDScript backtrace (most recent call first):
       [0] load_position_container (res://addons/dialogic/Modules/Character/subsystem_containers.gd:235)
       [1] load_game_state (res://addons/dialogic/Modules/Character/subsystem_portraits.gd:38)
       [2] reload_current_info_into_new_style (res://addons/dialogic/Modules/Style/subsystem_styles.gd:142)
